00:39:45 **** Incremental Build of configuration Debug for project Hello ****
make all 
Building file: ../src/NVIC_program.c
Invoking: Cross ARM GNU C Compiler
arm-none-eabi-gcc -mcpu=cortex-m3 -mthumb -Og -fmessage-length=0 -fsigned-char -ffunction-sections -fdata-sections -ffreestanding -fno-move-loop-invariants -Wall -Wextra  -g3 -DDEBUG -DUSE_FULL_ASSERT -DTRACE -DOS_USE_TRACE_SEMIHOSTING_DEBUG -DSTM32F10X_MD -DUSE_STDPERIPH_DRIVER -DHSE_VALUE=8000000 -I"../include" -I"../system/include" -I"../system/include/cmsis" -I"../system/include/stm32f1-stdperiph" -std=gnu11 -MMD -MP -MF"src/NVIC_program.d" -MT"src/NVIC_program.o" -c -o "src/NVIC_program.o" "../src/NVIC_program.c"
../src/NVIC_program.c: In function 'MNVIC_voidInit':
../src/NVIC_program.c:21:0: warning: "SCB_AIRCR" redefined
 #define SCB_AIRCR   *((u32*)0xE00ED00 + 0x0C)
 
In file included from ../src/NVIC_program.c:14:0:
../include/NVIC_private.h:42:0: note: this is the location of the previous definition
 #define SCB_AIRCR     *((volatile u32*) 0xE000ED00 + 0x0C)
 
../src/NVIC_program.c: In function 'MNVIC_u8GetActiveFlag':
../src/NVIC_program.c:143:9: warning: 'Local_u8Result' may be used uninitialized in this function [-Wmaybe-uninitialized]
  return Local_u8Result;
         ^~~~~~~~~~~~~~
Finished building: ../src/NVIC_program.c
 
Building file: ../src/main.c
Invoking: Cross ARM GNU C Compiler
arm-none-eabi-gcc -mcpu=cortex-m3 -mthumb -Og -fmessage-length=0 -fsigned-char -ffunction-sections -fdata-sections -ffreestanding -fno-move-loop-invariants -Wall -Wextra  -g3 -DDEBUG -DUSE_FULL_ASSERT -DTRACE -DOS_USE_TRACE_SEMIHOSTING_DEBUG -DSTM32F10X_MD -DUSE_STDPERIPH_DRIVER -DHSE_VALUE=8000000 -I"../include" -I"../system/include" -I"../system/include/cmsis" -I"../system/include/stm32f1-stdperiph" -std=gnu11 -MMD -MP -MF"src/main.d" -MT"src/main.o" -c -o "src/main.o" "../src/main.c"
In file included from ../src/main.c:14:0:
../src/main.c: In function 'main':
../include/NVIC_Interface.h:32:19: warning: overflow in implicit constant conversion [-Woverflow]
 #define Group3    0x05FA0300
                   ^
../src/main.c:32:24: note: in expansion of macro 'Group3'
  MNVIC_voidSetPriority(Group3, GroupPriority1, SubGroupPriority0, 1);
                        ^~~~~~
../include/NVIC_Interface.h:32:19: warning: overflow in implicit constant conversion [-Woverflow]
 #define Group3    0x05FA0300
                   ^
../src/main.c:34:24: note: in expansion of macro 'Group3'
  MNVIC_voidSetPriority(Group3, GroupPriority0, SubGroupPriority3, 1);
                        ^~~~~~
Finished building: ../src/main.c
 
Building target: Hello.elf
Invoking: Cross ARM GNU C++ Linker
arm-none-eabi-g++ -mcpu=cortex-m3 -mthumb -Og -fmessage-length=0 -fsigned-char -ffunction-sections -fdata-sections -ffreestanding -fno-move-loop-invariants -Wall -Wextra  -g3 -T mem.ld -T libs.ld -T sections.ld -nostartfiles -Xlinker --gc-sections -L"../ldscripts" -Wl,-Map,"Hello.map" --specs=nano.specs -o "Hello.elf"  ./system/src/stm32f1-stdperiph/misc.o ./system/src/stm32f1-stdperiph/stm32f10x_gpio.o ./system/src/stm32f1-stdperiph/stm32f10x_rcc.o  ./system/src/newlib/_cxx.o ./system/src/newlib/_exit.o ./system/src/newlib/_sbrk.o ./system/src/newlib/_startup.o ./system/src/newlib/_syscalls.o ./system/src/newlib/assert.o  ./system/src/diag/Trace.o ./system/src/diag/trace_impl.o  ./system/src/cortexm/_initialize_hardware.o ./system/src/cortexm/_reset_hardware.o ./system/src/cortexm/exception_handlers.o  ./system/src/cmsis/system_stm32f10x.o ./system/src/cmsis/vectors_stm32f10x.o  ./src/DIO_program.o ./src/NVIC_program.o ./src/RCC_Program.o ./src/main.o   
Finished building target: Hello.elf
 
Invoking: Cross ARM GNU Create Flash Image
arm-none-eabi-objcopy -O ihex "Hello.elf"  "Hello.hex"
Finished building: Hello.hex
 
Invoking: Cross ARM GNU Print Size
arm-none-eabi-size --format=berkeley "Hello.elf"
   text	   data	    bss	    dec	    hex	filename
   5347	    176	    412	   5935	   172f	Hello.elf
Finished building: Hello.siz
 

00:39:47 Build Finished (took 1s.881ms)

